// Jest Snapshot v1, https://goo.gl/fbAQLP

exports[`renders correctly 1`] = `
<View
  style={
    Object {
      "height": "100%",
      "justifyContent": "center",
      "width": "100%",
    }
  }
>
  <Image
    source={
      Object {
        "uri": "https://image.ibb.co/ceANzy/background_3497204_640.jpg",
      }
    }
    style={
      Array [
        Object {
          "bottom": 0,
          "left": 0,
          "position": "absolute",
          "right": 0,
          "top": 0,
        },
        Object {
          "height": "100%",
          "width": "100%",
        },
        undefined,
      ]
    }
  />
  <View
    style={
      Object {
        "backgroundColor": "rgba(0,0,0,.5)",
        "margin": 20,
        "padding": 20,
      }
    }
  >
    <Text
      accessible={true}
      allowFontScaling={true}
      ellipsizeMode="tail"
      style={
        Object {
          "color": "#fff",
          "fontSize": 50,
          "fontWeight": "600",
          "textAlign": "center",
          "textShadowColor": "#000",
          "textShadowOffset": Object {
            "height": 2,
            "width": 2,
          },
          "textShadowRadius": 5,
        }
      }
    >
       Welcome to DoodleUp
    </Text>
    <Text
      accessible={true}
      allowFontScaling={true}
      ellipsizeMode="tail"
      style={
        Object {
          "color": "#fff",
          "fontSize": 20,
          "fontWeight": "600",
          "textAlign": "center",
          "textShadowColor": "#000",
          "textShadowOffset": Object {
            "height": 2,
            "width": 2,
          },
          "textShadowRadius": 5,
        }
      }
    >
       Level Up Your Art 
    </Text>
    <View
      style={
        Object {
          "alignItems": "center",
        }
      }
    >
      <View
        accessibilityComponentType={undefined}
        accessibilityLabel={undefined}
        accessibilityTraits={undefined}
        accessible={true}
        collapsable={undefined}
        hasTVPreferredFocus={undefined}
        hitSlop={undefined}
        isTVSelectable={true}
        nativeID={undefined}
        onLayout={undefined}
        onResponderGrant={[Function]}
        onResponderMove={[Function]}
        onResponderRelease={[Function]}
        onResponderTerminate={[Function]}
        onResponderTerminationRequest={[Function]}
        onStartShouldSetResponder={[Function]}
        style={
          Object {
            "backgroundColor": "#bc7c9c",
            "borderRadius": 5,
            "margin": 8,
            "opacity": 1,
            "padding": 10,
            "shadowColor": "#000",
            "shadowOffset": Object {
              "height": 2,
              "width": 0,
            },
            "shadowOpacity": 0.8,
            "shadowRadius": 2,
          }
        }
        testID={undefined}
        tvParallaxProperties={undefined}
      >
        <Text
          accessible={true}
          allowFontScaling={true}
          ellipsizeMode="tail"
          style={
            Object {
              "color": "#fff",
              "fontSize": 30,
            }
          }
        >
          Get Started
        </Text>
      </View>
    </View>
  </View>
</View>
`;
